[adoptable-template.webflow.io/index.html]
[backblue.gif]
[fade.gif]
[index.html]
[uploads-ssl.webflow.com/5f4f91ff23802a48574383ea/css/adoptable-template.webflow.9c940ae01.css]
[ajax.googleapis.com/ajax/libs/webfont/1.6.26/webfont.js]
[uploads-ssl.webflow.com/5f4f91ff23802a48574383ea/5f4f9455f0f9e08cdea3fe58_Adoptable_A_Favicon_32x32.png]
[uploads-ssl.webflow.com/5f4f91ff23802a48574383ea/5f4f946c019ce790ae43aa69_Adoptable_A_Favicon_256x256.png]
[adoptable-template.webflow.io/adopt-a-dog.html]
[adoptable-template.webflow.io/adopt-a-cat.html]
[adoptable-template.webflow.io/ways-to-help.html]
[adoptable-template.webflow.io/blog.html]
[adoptable-template.webflow.io/contact-us.html]
[adoptable-template.webflow.io/donate.html]
[adoptable-template.webflow.io/checkout.html]
[uploads-ssl.webflow.com/5f4f91ff23802a48574383ea/5f4f91ff23802a7607438566_Adoptable_photo-of-man-kissing-his-dog_Photo-by_Charles-Roth.jpg]
[uploads-ssl.webflow.com/5f4f91ff23802a48574383ea/5f4f91ff23802a751e438565_Adoptable_Woman-Kissing-Grey-Kitten_Photo-by_tran-mau-tri-tam-unsplash.jpg]
[uploads-ssl.webflow.com/5f4f91ff23802a48574383ea/5f4f91ff23802a2b60438564_Adoptable_dalmatian-licking-face-of-woman_Photo-by_Daria-Shevtsova.jpg]
[uploads-ssl.webflow.com/5f4f91ff23802a48574383ea/5f4f91ff23802a481f438568_Adoptable_man-carrying-his-dog_Photo-by_August-de-Richeli.jpg]
[uploads-ssl.webflow.com/5f4f91ff23802a48574383ea/5f4f91ff23802a1d42438567_Adoptable_woman-with-ginger-cat-on-porch_Photo-by_sheri-hooley-unsplash.jpg]
[adoptable-template.webflow.io/cat/fido.html]
[uploads-ssl.webflow.com/5f4f91ff23802a3d804383e9/5f4f91ff23802a29c84385c7_Adoptable_Cat 5_Pic 1_photo-of-british-shorthair-cat-sitting-on-grass-field.jpg]
[adoptable-template.webflow.io/cat/marcia.html]
[uploads-ssl.webflow.com/5f4f91ff23802a3d804383e9/5f4f91ff23802a116e4385ca_Adoptable_Cat 3_Pic 3_white-and-brown-van-cat-on-wooden-table-with-teacup.jpg]
[uploads-ssl.webflow.com/5f4f91ff23802a3d804383e9/5f4f91ff23802acbf5438599_Cat 2_Pic 1_grey-american-shorthair-kitten-on-wooden-floor-photo by_d-ng-nhan.jpg]
[uploads-ssl.webflow.com/5f4f91ff23802a3d804383e9/5f4f91ff23802a2d1a4384e8_Adoptable-Webflow-Theme_Dog 7_Pic 1_white-samoyed_puppy_Photo by_wildlittlethingsphoto.jpg]
[adoptable-template.webflow.io/dog/polly.html]
[uploads-ssl.webflow.com/5f4f91ff23802a3d804383e9/5f4f91ff23802a53f94384af_Dog 5_Pic 1_brown-and-white-short-haired-pointer-dog-close-up_photo by wildlittlethingsphoto.jpg]
[uploads-ssl.webflow.com/5f4f91ff23802a3d804383e9/5f4f91ff23802a573c4385cd_Adoptable_Dog 4_Pic 1_short-coated-black-and-white-border-terrier-cross-dog-sitting-on-stairs.jpg]
[uploads-ssl.webflow.com/5f4f91ff23802a3d804383e9/5f4f91ff23802a556d4385bd_Adoptable_Couple-with-new-dog_Square_Photo-by-Helena-Lopes.jpg]
[uploads-ssl.webflow.com/5f4f91ff23802a3d804383e9/5f4f91ff23802a566a4385b8_Adoptable_family-with-little-dog_Photo-by-Ketut-Subiyanto.jpg]
[uploads-ssl.webflow.com/5f4f91ff23802a3d804383e9/5f4f91ff23802a47194385af_Adoptable_person-touching-brown-puppy_Square_Photo-by-Helena.jpg]
[uploads-ssl.webflow.com/5f4f91ff23802a48574383ea/5f4f91ff23802a7dc14384b2_Adobtable_Testimonial_Image-1.jpg]
[uploads-ssl.webflow.com/5f4f91ff23802a48574383ea/5f4f91ff23802a23b24384b3_Adobtable_Testimonial_Image-2.jpg]
[uploads-ssl.webflow.com/5f4f91ff23802a48574383ea/5f4f91ff23802af2b14384b4_Adobtable_Testimonial_Image-3.jpg]
[d3e54v103j8qbb.cloudfront.net/js/jquery-3.5.1.min.dc5e7f18c8d3c2.js]
[adoptable-template.webflow.io/index.html]
[uploads-ssl.webflow.com/5f4f91ff23802a48574383ea/js/webflow.d3e0328fb.js]
[uploads-ssl.webflow.com/5f4f91ff23802a48574383ea/5f54db0b0ca0f7307c32ac3d_Furry Pattern_Groomed Cat-01-01.png]
[uploads-ssl.webflow.com/5f4f91ff23802a48574383ea/5f54db36aafc2a0de35db8f2_Furry Pattern_Wet Dog-01.png]
[uploads-ssl.webflow.com/5f4f91ff23802a48574383ea/css/adoptable-template.webflow.9c940ae01.css]
[adoptable-template.webflow.io/dog-tags/can-learn-tricks.html]
[uploads-ssl.webflow.com/5f4f91ff23802a3d804383e9/5f4f91ff23802a670243842b_Dog 6_Pic 1_white-and-black-dalmatian-puppy-on-red-chair_photo by wildlittlethingsphoto.jpg]
[uploads-ssl.webflow.com/5f4f91ff23802a3d804383e9/5f4f91ff23802a494b4383fe_Adoptable-Webflow-Theme_Dog 3_Pic 3_pit bull-st-bernard-cross-outside_photo by bukatovamedia.jpg]
[uploads-ssl.webflow.com/5f4f91ff23802a3d804383e9/5f4f91ff23802a17ae4383fb_Adoptable-Webflow-Theme_Dog 1_Pic 1_black-and-tan-miniature-pinscher_photo by victor cayke.jpg]
[uploads-ssl.webflow.com/5f4f91ff23802a3d804383e9/5f4f91ff23802a509d4383f8_Adoptable-Webflow-Theme_Dog 2_Pic 2_photo-of-black-and-white-border-collie_photo by Josh Hild.jpg]
[adoptable-template.webflow.io/adopt-a-dog.html]
[uploads-ssl.webflow.com/5f4f91ff23802a3d804383e9/5f4f91ff23802a6f45438598_Adoptable-Webflow-Theme_Cat 1_Pic 4_Green eyed white and black persian cat_Photo by ewe-my-life.jpg]
[uploads-ssl.webflow.com/5f4f91ff23802a3d804383e9/5f4f91ff23802ac10643859c_Adoptable-Webflow-Theme_Cat 4_Pic 1_photo-of-tabby-cat-near-plant_Photo by flowerstofox.jpg]
[uploads-ssl.webflow.com/5f4f91ff23802a3d804383e9/5f4f91ff23802a736543856d_Cat 6_Pic 2_gray-and-white-tabby-kitten-near-plant_Photo by Tranmautritam.jpg]
[uploads-ssl.webflow.com/5f4f91ff23802a3d804383e9/5f4f91ff23802abab8438521_Adoptable-Webflow-Theme_Cat 7_Pic 1_close-up-of-orange-tabby-cat_Photo by Samer Daboul.jpg]
[adoptable-template.webflow.io/adopt-a-cat.html]
[uploads-ssl.webflow.com/5f4f91ff23802a48574383ea/5f4f91ff23802a04264384b5_Adoptable_Kitten-being-fed_photo-by-Emrah-Ayvali.jpg]
[uploads-ssl.webflow.com/5f4f91ff23802a48574383ea/5f4f91ff23802ac30b4384b6_Adoptable_Dog-being-cared-for-by-owners_photo-by-Gustavo-Fring.jpg]
[uploads-ssl.webflow.com/5f4f91ff23802a48574383ea/5f4f91ff23802a0dab4384b7_Adoptable_Cute-Puppy_photo-by-Golden-Jojo.jpg]
[adoptable-template.webflow.io/ways-to-help.html]
[uploads-ssl.webflow.com/5f4f91ff23802a3d804383e9/5f4f91ff23802a33e54385bc_Adoptable_Couple-with-new-dog_Portrait_Photo-by-Helena-Lopes.jpg]
[uploads-ssl.webflow.com/5f4f91ff23802a3d804383e9/5f4f91ff23802a2e074385b9_Adoptable_family-with-little-dog_Photo-by-Ketut-Subiyanto.jpg]
[uploads-ssl.webflow.com/5f4f91ff23802a3d804383e9/5f4f91ff23802a23294385a9_Adoptable_person-touching-brown-puppy_Portrait_Photo-by-Helena.jpg]
[uploads-ssl.webflow.com/5f4f91ff23802a3d804383e9/5f4f91ff23802a0e9d4385bf_Adoptable_Couple-in-bed-with-dog_Portrait_Photo-by-Ketut-Subiyanto.jpg]
[adoptable-template.webflow.io/blog.html]
[uploads-ssl.webflow.com/5f4f91ff23802a48574383ea/5f4f91ff23802a3fe8438572_Adoptable_Map Placeholder.png]
[adoptable-template.webflow.io/contact-us.html]
[adoptable-template.webflow.io/donate.html]
[adoptable-template.webflow.io/checkout.html]
[uploads-ssl.webflow.com/5f4f91ff23802a3d804383e9/5f4f91ff23802a6ecb4385c8_Adoptable_Cat 5_Pic 4_photo-of-british-shorthair-cat-outside-in-bush.jpg]
[uploads-ssl.webflow.com/5f4f91ff23802a3d804383e9/5f4f91ff23802a388a4385c9_Adoptable_Cat 5_Pic 3_photo-of-british-shorthair-cat-rolling-in-grass-field.jpg]
[adoptable-template.webflow.io/cat/fido.html]
[uploads-ssl.webflow.com/5f4f91ff23802a3d804383e9/5f4f91ff23802ad41a4385cb_Adoptable_Cat 3_Pic 2_white-and-brown-van-cat-on-wooden-table.jpg]
[uploads-ssl.webflow.com/5f4f91ff23802a3d804383e9/5f4f91ff23802a480a4385cc_Adoptable_Cat 3_Pic 1_close-up-of-white-and-brown-van-cat.jpg]
[adoptable-template.webflow.io/cat/marcia.html]
[uploads-ssl.webflow.com/5f4f91ff23802a3d804383e9/5f4f91ff23802a98e14384c2_Dog 5_Pic 2_brown-and-white-short-haired-pointer-dog-walking_photo by wildlittlethingsphoto.jpg]
[uploads-ssl.webflow.com/5f4f91ff23802a3d804383e9/5f4f91ff23802a3b254384d5_Dog 5_Pic 3_short-haired-pointer-dog-outside-walking_photo by wildlittlethingsphoto.jpg]
[adoptable-template.webflow.io/dog/polly.html]
[adoptable-template.webflow.io/dog-tags/can-learn-tricks.html]
[adoptable-template.webflow.io/cat/milo.html]
[adoptable-template.webflow.io/dog/missy.html]
[adoptable-template.webflow.io/dog/freddie.html]
[adoptable-template.webflow.io/post/starting-your-new-friendship-off-on-the-right-paw.html]
[adoptable-template.webflow.io/blog-category/adopting-a-pet.html]
[adoptable-template.webflow.io/post/all-the-things-to-consider-when-choosing-child-friendly-pets.html]
[adoptable-template.webflow.io/post/12-reasons-to-adopt-dont-shop.html]
[adoptable-template.webflow.io/template/style-guide.html]
[adoptable-template.webflow.io/template/licences.html]
[adoptable-template.webflow.io/template/changelog.html]
[adoptable-template.webflow.io/dog-tags/needs-a-home-based-owner.html]
[adoptable-template.webflow.io/dog-tags/can-be-left-alone.html]
[adoptable-template.webflow.io/dog-tags/is-fine-alone-sometimes.html]
[adoptable-template.webflow.io/dog-tags/is-lead-trained.html]
[adoptable-template.webflow.io/dog-tags/is-energetic.html]
[adoptable-template.webflow.io/dog-tags/is-easy-going.html]
[adoptable-template.webflow.io/dog-tags/has-special-needs.html]
[adoptable-template.webflow.io/dog-tags/is-good-for-novice-owners.html]
[adoptable-template.webflow.io/dog-tags/doesnt-shed-too-much.html]
[adoptable-template.webflow.io/dog-tags/is-cat-friendly.html]
[adoptable-template.webflow.io/dog-tags/is-suited-to-apartment-life.html]
[adoptable-template.webflow.io/dog-tags/is-good-with-other-dogs.html]
[adoptable-template.webflow.io/dog-tags/is-kid-friendly.html]
[adoptable-template.webflow.io/dog/sophie.html]
[adoptable-template.webflow.io/dog/monty.html]
[adoptable-template.webflow.io/dog/blitz.html]
[adoptable-template.webflow.io/dog/blinkey.html]
[adoptable-template.webflow.io/cat-tags/is-kid-friendly.html]
[adoptable-template.webflow.io/cat-tags/is-good-with-other-cats.html]
[adoptable-template.webflow.io/cat-tags/is-dog-friendly.html]
[adoptable-template.webflow.io/cat-tags/doesnt-shed-too-much.html]
[adoptable-template.webflow.io/cat-tags/has-special-needs.html]
[adoptable-template.webflow.io/cat-tags/is-easy-going.html]
[adoptable-template.webflow.io/cat-tags/is-energetic-and-active.html]
[adoptable-template.webflow.io/cat/biscuit.html]
[adoptable-template.webflow.io/cat/kimba.html]
[adoptable-template.webflow.io/cat/mitsy.html]
[adoptable-template.webflow.io/cat/bowie.html]
[adoptable-template.webflow.io/product/25.html]
[adoptable-template.webflow.io/product/50.html]
[adoptable-template.webflow.io/product/100.html]
[adoptable-template.webflow.io/product/pay-what-you-want.html]
[adoptable-template.webflow.io/post/there-were-three-in-the-bed-and-the-little-one-said-woof-should-you-let-your-dog-in-your-bed.html]
[adoptable-template.webflow.io/blog-category/all-about-dogs.html]
[adoptable-template.webflow.io/blog-category/all-about-cats.html]
